../Core/Src/stm32f1xx_it.c:72:6:NMI_Handler	4	static
../Core/Src/stm32f1xx_it.c:87:6:HardFault_Handler	4	static
../Core/Src/stm32f1xx_it.c:102:6:MemManage_Handler	4	static
../Core/Src/stm32f1xx_it.c:117:6:BusFault_Handler	4	static
../Core/Src/stm32f1xx_it.c:132:6:UsageFault_Handler	4	static
../Core/Src/stm32f1xx_it.c:147:6:SVC_Handler	4	static
../Core/Src/stm32f1xx_it.c:160:6:DebugMon_Handler	4	static
../Core/Src/stm32f1xx_it.c:173:6:PendSV_Handler	4	static
../Core/Src/stm32f1xx_it.c:186:6:SysTick_Handler	8	static
../Core/Src/stm32f1xx_it.c:207:6:WWDG_IRQHandler	8	static
../Core/Src/stm32f1xx_it.c:221:6:EXTI0_IRQHandler	8	static
../Core/Src/stm32f1xx_it.c:235:6:DMA1_Channel5_IRQHandler	8	static
../Core/Src/stm32f1xx_it.c:249:6:EXTI9_5_IRQHandler	8	static
../Core/Src/stm32f1xx_it.c:263:6:USART1_IRQHandler	8	static
../Core/Src/stm32f1xx_it.c:275:6:HAL_GPIO_EXTI_Callback	16	static
../Core/Src/stm32f1xx_it.c:296:6:HAL_UART_RxCpltCallback	24	static
../Core/Src/stm32f1xx_it.c:312:6:HAL_UART_RxHalfCpltCallback	24	static
../Core/Src/stm32f1xx_it.c:325:6:UART_IRQHandler	24	static
