../Core/Src/oled.c:4:6:WriteCmd	32	static
../Core/Src/oled.c:9:6:WriteDat	32	static
../Core/Src/oled.c:14:6:OLED_Init	8	static
../Core/Src/oled.c:48:6:OLED_SetPos	16	static
../Core/Src/oled.c:55:6:OLED_Fill	24	static
../Core/Src/oled.c:70:6:OLED_CLS	8	static
../Core/Src/oled.c:75:6:OLED_ON	8	static
../Core/Src/oled.c:82:6:OLED_OFF	8	static
../Core/Src/oled.c:91:6:OLED_ShowStr	24	static
../Core/Src/oled.c:138:6:OLED_ShowCN	24	static
../Core/Src/oled.c:162:6:OLED_ShowCN_STR	32	static
../Core/Src/oled.c:170:6:OLED_DrawBMP	32	static
../Core/Src/oled.c:189:6:OLED_ShowChar	32	static
../Core/Src/oled.c:210:5:oled_pow	24	static
../Core/Src/oled.c:222:6:OLED_ShowNum	24	static
../Core/Src/oled.c:241:6:OLED_Test	16	static
