../Core/Src/w25qxx.c:16:9:W25Qx_Init	8	static
../Core/Src/w25qxx.c:23:13:W25Qx_Reset	16	static
../Core/Src/w25qxx.c:38:16:W25Qx_GetStatus	16	static
../Core/Src/w25qxx.c:65:9:W25Qx_WriteEnable	16	static
../Core/Src/w25qxx.c:94:6:W25Qx_Read_ID	24	static
../Core/Src/w25qxx.c:111:9:W25Qx_Read	32	static
../Core/Src/w25qxx.c:144:9:W25Qx_Write	48	static
../Core/Src/w25qxx.c:221:9:W25Qx_Erase_Block	24	static
../Core/Src/w25qxx.c:259:9:W25Qx_Erase_Chip	16	static
../Core/Src/w25qxx.c:291:6:W25QX_Test	528	static
